

HI-TECH Software 8051 Macro Assembler V9.60                                Page 1
                                                       Sat May 02 16:26:52 2026

     1                           	psect	idata,class=DATA,space=1,limit=080h
     2                           	psect	irdata,class=DATA,limit=080h
     3                           	global	_tput
     4                           	signat	_tput,4216
     5                           	global	stack_internal
     6                           	psect	text,class=CODE
     7                           	psect	text
     8                           	file	"D:\programs\save_ms\pr_6\project1\main.c"
     9                           	line	4
    10  00003                     _tput:
    11  00003  80 10              	j	f1411
    12  00005                     f1410:
    13                           ;main.c: 3: void tput(unsigned char p)
    14                           
    15                           ;main.c: 4: {
    16                           
    17                           ;main.c: 6: SBUF = p;
    18                           
    19                           	line	6
    20  00005  8D 99              	mov	099h,r5
    21                           ;main.c: 7: while(!TI);
    22                           
    23                           ;	var   _p assigned to ?a_tput+0
    24                           ;_p stored from r5
    25                           	line	7
    26  00007  8D 24              	mov	?a_tput+0,r5
    27  00009  80 00              	jmp	l3
    28  0000B                     l4:
    29  0000B                     l3:
    30  0000B  30 99 02           	bnb	scon.1, u11
    31  0000E  80 02              	jmp	u10
    32  00010                     u11:
    33  00010  80 F9              	jmp	l4
    34  00012                     u10:
    35  00012                     l5:
    36                           ;main.c: 9: TI = 0;
    37                           
    38                           	line	9
    39  00012  C2 99              	clr	scon.1
    40                           ;main.c: 13: }
    41                           
    42                           	line	13
    43  00014                     l2:
    44  00014  22                 	ret
    45  00015                     f1411:
    46  00015  80 EE              	j	f1410
    47                           	FNSIZE	_tput,1,0
    48                           	global	?a_tput
    49  0000                     f1412	equ	0
    50                           	global	_rget
    51                           	signat	_rget,89
    52                           	line	16
    53  00017                     _rget:
    54  00017  80 10              	j	f1421
    55  00019                     f1420:
    56                           ;main.c: 15: unsigned char rget(void)
    57                           
    58                           ;main.c: 16: {
    59                           
    60                           ;main.c: 18: while(!RI);
    61                           
    62                           	line	18
    63  00019  80 00              	jmp	l7
    64  0001B                     l8:
    65  0001B                     l7:
    66  0001B  30 98 02           	bnb	scon.0, u21
    67  0001E  80 02              	jmp	u20
    68  00020                     u21:
    69  00020  80 F9              	jmp	l8
    70  00022                     u20:
    71  00022                     l9:
    72                           ;main.c: 20: RI = 0;
    73                           
    74                           	line	20
    75  00022  C2 98              	clr	scon.0
    76                           ;main.c: 21: return SBUF;
    77                           
    78                           	line	21
    79  00024  AB 99              	mov	r3,099h
    80  00026  80 00              	jmp	l6
    81                           ;main.c: 24: }
    82                           
    83                           	line	24
    84  00028                     l6:
    85  00028  22                 	ret
    86  00029                     f1421:
    87  00029  80 EE              	j	f1420
    88  0000                     f1422	equ	0
    89                           	global	_main
    90                           	signat	_main,88
    91                           	line	27
    92  0002B                     _main:
    93  0002B  80 47              	j	f1431
    94  0002D                     f1430:
    95                           ;main.c: 26: void main(void)
    96                           
    97                           ;main.c: 27: {
    98                           
    99                           ;	var   _i assigned to ?a_main+0
   100                           ;	var   _ptr assigned to ?a_main+1
   101                           ;	var   _cur assigned to ?a_main+3
   102                           ;main.c: 28: unsigned char i;
   103                           
   104                           ;main.c: 29: unsigned char *ptr;
   105                           
   106                           ;main.c: 30: unsigned char cur;
   107                           
   108                           ;main.c: 32: PCON = 0x80;
   109                           
   110                           	line	32
   111  0002D  75 87 80           	mov	087h,#128
   112                           ;main.c: 34: SCON = 0x88;
   113                           
   114                           	line	34
   115  00030  75 98 88           	mov	098h,#136
   116                           ;main.c: 38: ptr = (unsigned char *)0x40;
   117                           
   118                           	line	38
   119  00033  75 21  00          	mov	?a_main+1,#high(64)
   120  00036  75 22  40          	mov	?a_main+1+1,#low(64)
   121                           ;main.c: 41: for(i = 0; i < 15; i++)
   122                           
   123                           	line	41
   124  00039  75 20  00          	mov	?a_main+0,#0
   125  0003C  E5 20              	mov	a,?a_main+0
   126  0003E  24 F1              	add	a,#-0Fh
   127  00040  50 02              	bnc	u31
   128  00042  80 02              	jmp	u30
   129  00044                     u31:
   130  00044  80 02              	jmp	l11
   131  00046                     u30:
   132  00046  80 29              	jmp	l12
   133                           	line	42
   134  00048                     l11:
   135                           ;main.c: 42: {
   136                           
   137                           ;main.c: 43: SCON = 0x90;
   138                           
   139                           	line	43
   140  00048  75 98 90           	mov	098h,#144
   141                           ;main.c: 44: cur = rget();
   142                           
   143                           	FNCALL	_main,_rget
   144                           	line	44
   145  0004B  12 0017            	lcall	_rget
   146  0004E  EB                 	mov	a,r3
   147  0004F  F5 23              	mov	?a_main+3,a
   148                           ;main.c: 45: *ptr=cur;
   149                           
   150                           	line	45
   151  00051  A9 22              	mov	r1,?a_main+1+1
   152  00053  A7 23              	mov	@r1,?a_main+3
   153                           ;main.c: 46: SCON = 0x88;
   154                           
   155                           	line	46
   156  00055  75 98 88           	mov	098h,#136
   157                           ;main.c: 47: tput(cur);
   158                           
   159                           	FNCALL	_main,_tput
   160                           	line	47
   161  00058  AD 23              	mov	r5,?a_main+3
   162  0005A  12 0003            	lcall	_tput
   163                           
   164                           ;main.c: 48: ptr++;
   165                           
   166                           	line	48
   167  0005D  05 22              	inc	?a_main+1+1
   168  0005F  E5 22              	mov	a,?a_main+1+1
   169  00061  70 02              	jnz	u40
   170  00063  05 21              	inc	?a_main+1
   171  00065                     u40:
   172                           	line	41
   173  00065  05 20              	inc	?a_main+0
   174  00067  E5 20              	mov	a,?a_main+0
   175  00069  24 F1              	add	a,#-0Fh
   176  0006B  50 02              	bnc	u51
   177  0006D  80 02              	jmp	u50
   178  0006F                     u51:
   179  0006F  80 D7              	jmp	l11
   180  00071                     u50:
   181  00071                     l12:
   182                           ;main.c: 49: }
   183                           
   184                           ;main.c: 51: while(1) {}
   185                           
   186                           	line	51
   187  00071                     l15:
   188  00071                     l14:
   189  00071  80 FE              	jmp	l15
   190  00073                     l16:
   191                           ;main.c: 52: }
   192                           
   193                           	line	52
   194  00073                     l10:
   195  00073  22                 	ret
   196  00074                     f1431:
   197  00074  80 B7              	j	f1430
   198                           	FNSIZE	_main,4,0
   199                           	global	?a_main
   200  0000                     f1432	equ	0
   201  0000                     _A10	equ	162
   202  0000                     _A11	equ	163
   203  0000                     _A12	equ	164
   204  0000                     _A13	equ	165
   205  0000                     _A14	equ	166
   206  0000                     _A15	equ	167
   207  0000                     _A8	equ	160
   208  0000                     _A9	equ	161
   209  0000                     _AC	equ	214
   210  0000                     _ACC0	equ	224
   211  0000                     _ACC1	equ	225
   212  0000                     _ACC2	equ	226
   213  0000                     _ACC3	equ	227
   214  0000                     _ACC4	equ	228
   215  0000                     _ACC5	equ	229
   216  0000                     _ACC6	equ	230
   217  0000                     _ACC7	equ	231
   218  0000                     _AD0	equ	128
   219  0000                     _AD1	equ	129
   220  0000                     _AD2	equ	130
   221  0000                     _AD3	equ	131
   222  0000                     _AD4	equ	132
   223  0000                     _AD5	equ	133
   224  0000                     _AD6	equ	134
   225  0000                     _AD7	equ	135
   226  0000                     _B0	equ	240
   227  0000                     _B1	equ	241
   228  0000                     _B2	equ	242
   229  0000                     _B3	equ	243
   230  0000                     _B4	equ	244
   231  0000                     _B5	equ	245
   232  0000                     _B6	equ	246
   233  0000                     _B7	equ	247
   234  0000                     _CY	equ	215
   235  0000                     _EA	equ	175
   236  0000                     _ES	equ	172
   237  0000                     _ET0	equ	169
   238  0000                     _ET1	equ	171
   239  0000                     _EX0	equ	168
   240  0000                     _EX1	equ	170
   241  0000                     _F0	equ	213
   242  0000                     _IE0	equ	137
   243  0000                     _IE1	equ	139
   244  0000                     _INT0	equ	178
   245  0000                     _INT1	equ	179
   246  0000                     _IT0	equ	136
   247  0000                     _IT1	equ	138
   248  0000                     _OV	equ	210
   249  0000                     _P	equ	208
   250  0000                     _P00	equ	128
   251  0000                     _P01	equ	129
   252  0000                     _P02	equ	130
   253  0000                     _P03	equ	131
   254  0000                     _P04	equ	132
   255  0000                     _P05	equ	133
   256  0000                     _P06	equ	134
   257  0000                     _P07	equ	135
   258  0000                     _P10	equ	144
   259  0000                     _P11	equ	145
   260  0000                     _P12	equ	146
   261  0000                     _P13	equ	147
   262  0000                     _P14	equ	148
   263  0000                     _P15	equ	149
   264  0000                     _P16	equ	150
   265  0000                     _P17	equ	151
   266  0000                     _P20	equ	160
   267  0000                     _P21	equ	161
   268  0000                     _P22	equ	162
   269  0000                     _P23	equ	163
   270  0000                     _P24	equ	164
   271  0000                     _P25	equ	165
   272  0000                     _P26	equ	166
   273  0000                     _P27	equ	167
   274  0000                     _P30	equ	176
   275  0000                     _P31	equ	177
   276  0000                     _P32	equ	178
   277  0000                     _P33	equ	179
   278  0000                     _P34	equ	180
   279  0000                     _P35	equ	181
   280  0000                     _P36	equ	182
   281  0000                     _P37	equ	183
   282  0000                     _PS	equ	188
   283  0000                     _PT0	equ	185
   284  0000                     _PT1	equ	187
   285  0000                     _PX0	equ	184
   286  0000                     _PX1	equ	186
   287  0000                     _RB8	equ	154
   288  0000                     _RD	equ	183
   289  0000                     _REN	equ	156
   290  0000                     _RI	equ	152
   291  0000                     _RS0	equ	211
   292  0000                     _RS1	equ	212
   293  0000                     _RXD	equ	176
   294  0000                     _SM0	equ	159
   295  0000                     _SM1	equ	158
   296  0000                     _SM2	equ	157
   297  0000                     _T0	equ	180
   298  0000                     _T1	equ	181
   299  0000                     _TB8	equ	155
   300  0000                     _TF0	equ	141
   301  0000                     _TF1	equ	143
   302  0000                     _TI	equ	153
   303  0000                     _TR0	equ	140
   304  0000                     _TR1	equ	142
   305  0000                     _TXD	equ	177
   306  0000                     _WR	equ	182
   307  0000                     _ACC	equ	224
   308  0000                     _B	equ	240
   309  0000                     _DPH	equ	131
   310  0000                     _DPL	equ	130
   311  0000                     _IE	equ	168
   312  0000                     _IP	equ	184
   313  0000                     _P0	equ	128
   314  0000                     _P1	equ	144
   315  0000                     _P2	equ	160
   316  0000                     _P3	equ	176
   317  0000                     _PCON	equ	135
   318  0000                     _PSW	equ	208
   319  0000                     _SBUF	equ	153
   320  0000                     _SCON	equ	152
   321  0000                     _SP	equ	129
   322  0000                     _TCON	equ	136
   323  0000                     _TH0	equ	140
   324  0000                     _TH1	equ	141
   325  0000                     _TL0	equ	138
   326  0000                     _TL1	equ	139
   327  0000                     _TMOD	equ	137
   328  0000                     _ACC_BITS	equ	224
   329  0000                     _B_BITS	equ	240
   330  0000                     _IE_BITS	equ	168
   331  0000                     _IP_BITS	equ	184
   332  0000                     _P0_BITS	equ	128
   333  0000                     _P1_BITS	equ	144
   334  0000                     _P2_BITS	equ	160
   335  0000                     _P3_BITS	equ	176
   336  0000                     _PCON_BITS	equ	135
   337  0000                     _PSW_BITS	equ	208
   338  0000                     _SCON_BITS	equ	152
   339  0000                     _TCON_BITS	equ	136
   340  0000                     _TMOD_BITS	equ	137


HI-TECH Software 8051 Macro Assembler V9.60                                Page 2
Symbol Table                                           Sat May 02 16:26:52 2026

       ?a_main 00020              _B 000F0              l2 00014  
            l3 0000B              l4 0000B              l5 00012  
            _P 000D0              l6 00028              l7 0001B  
            l8 0001B              l9 00022         ?a_tput 00024  
           _B0 000F0             _B1 000F1             _B2 000F2  
           _B3 000F3             _B4 000F4             _B5 000F5  
           _B6 000F6             _A8 000A0             _B7 000F7  
           _A9 000A1             _F0 000D5             _AC 000D6  
           l10 00073             l11 00048             l12 00071  
           l14 00071             _EA 000AF             l15 00071  
           l16 00073             _P0 00080             _P1 00090  
           _P2 000A0             _P3 000B0             _IE 000A8  
           _T0 000B4             _T1 000B5             _ES 000AC  
           _CY 000D7             _IP 000B8             _RD 000B7  
           u10 00012             u11 00010             u20 00022  
           _RI 00098             u21 00020             u30 00046  
           u31 00044             u40 00065             _TI 00099  
           u50 00071             _PS 000BC             u51 0006F  
           _OV 000D2             _SP 00081             _WR 000B6  
       _B_BITS 000F0            _A10 000A2            _A11 000A3  
          _A12 000A4            _A13 000A5            _A14 000A6  
          _A15 000A7            _AD0 00080            _AD1 00081  
          _AD2 00082            _AD3 00083            _AD4 00084  
          _AD5 00085            _AD6 00086            _AD7 00087  
          _ACC 000E0            _P00 00080            _P01 00081  
          _P10 00090            _P02 00082            _P11 00091  
          _P03 00083            _P20 000A0            _P12 00092  
          _P04 00084            _P21 000A1            _P13 00093  
          _P05 00085            _P30 000B0            _P22 000A2  
          _P14 00094            _P06 00086            _P31 000B1  
          _P23 000A3            _P15 00095            _P07 00087  
          _P32 000B2            _P24 000A4            _P16 00096  
          _P33 000B3            _P25 000A5            _P17 00097  
          _P34 000B4            _P26 000A6            _P35 000B5  
          _P27 000A7            _P36 000B6            _P37 000B7  
          _IE0 00089            _IE1 0008B            _ET0 000A9  
          _ET1 000AB            _EX0 000A8            _EX1 000AA  
          _DPH 00083            _DPL 00082            _IT0 00088  
          _IT1 0008A            _RB8 0009A            _TF0 0008D  
          _TB8 0009B            _TF1 0008F            _TH0 0008C  
          _TH1 0008D            _SM0 0009F            _SM1 0009E  
          _TL0 0008A            _SM2 0009D            _PT0 000B9  
          _TL1 0008B            _PT1 000BB            _RS0 000D3  
          _RS1 000D4            _REN 0009C            _PX0 000B8  
          _PX1 000BA            _TR0 0008C            _TR1 0008E  
          _RXD 000B0            _PSW 000D0            _TXD 000B1  
      _P0_BITS 00080        _P1_BITS 00090        _P2_BITS 000A0  
      _P3_BITS 000B0        _IE_BITS 000A8       _ACC_BITS 000E0  
      _IP_BITS 000B8           f1410 00005           f1411 00015  
         f1420 00019           f1412 00000           f1421 00029  
         f1430 0002D           f1422 00000           f1431 00074  
         f1432 00000           _ACC0 000E0           _ACC1 000E1  
         _ACC2 000E2           _ACC3 000E3           _ACC4 000E4  
         _ACC5 000E5           _ACC6 000E6           _ACC7 000E7  
stack_internal 00001           _INT0 000B2           _INT1 000B3  
         _PCON 00087           _SCON 00098           _SBUF 00099  
         _TCON 00088           _TMOD 00089           _main 0002B  
         _rget 00017           _tput 00003       _PSW_BITS 000D0  
    _PCON_BITS 00087      _SCON_BITS 00098      _TCON_BITS 00088  
    _TMOD_BITS 00089  
