HI-TECH Software 8051-C Compiler V9.60

Linker command line:

--edf=C:\PROGRA~2\HI-TEC~1\HC51\lite\9.60\dat\en_msgs.txt \
  -h+Z:\project1.sym -z -Q8051AH -ol.obj -MZ:\project1.map -E1 \
  -ver=8051-C#V9.60 -ACODE=00h-0FFFh -pvectors=00h \
  -prbit=0/20h,rbss,rdata/CODE,irdata/CODE,idata/rbss -pbss=XDATA/idata \
  -pdata=CODE+100h -pconst=CODE+100h -pstrings=CODE+100h -pnvram=bss,heap \
  C:\Users\nadez\AppData\Local\Temp\s77k.obj Z:\main_0.obj \
  C:\PROGRA~2\HI-TEC~1\HC51\lite\9.60\lib\51--nsc.lib 

Object code version is 3.8

Machine type is 8051AH

Call graph:

*start1 size 0,0 offset 0
*    _main size 0,21 offset 0

		Name          Link     Load   Length Selector Space Scale
C:\Users\nadez\AppData\Local\Temp\s77k.obj
		vectors          0        0        3       0     0
		text            BE       BE       14       0     0
Z:\main_0.obj   data           100      100       13     100     0
		text             3        3       7A       0     0

C:\PROGRA~2\HI-TEC~1\HC51\lite\9.60\lib\51--nsc.lib
powerup.obj     text            D2       D2        3       0     0
str_cops.obj    text            7D       7D       41       0     0

COMMON          rbss            20       20       15      20     1

TOTAL		Name          Link     Load   Length
	CLASS	CODE     
		vectors          0        0        3
		data           100      100       13
		text            BE       BE       14
		text             3        3       7A
		text            D2       D2        3
		text            7D       7D       41

	CLASS	DATA     
		rbss            20       20       15

	CLASS	XDATA    

	CLASS	BITSEG   



SEGMENTS	Name		Load	Length	 Top	Selector    Space Class

		vectors         000000	0000D5	0000D5	       0       0  CODE    
		rbit            000020	000015	000035	      20       1  BITSEG  
		data            000100	000013	000113	     100       0  CODE    


UNUSED ADDRESS RANGES

	CODE             0D5-0FF
	                 113-FFF

                                  Symbol Table

?a_main        rbss    020  __Bbss         bss     035
__Bidata       idata   035  __Birdata      irdata  003
__Brbit        rbit    020  __Brdata       rdata   003
__Hbss         bss     035  __Hcode        code    035
__Hconst       const   100  __Hdata        data    113
__Hheap        heap    035  __Hidata       idata   035
__Hirdata      irdata  035  __Hnvram       nvram   035
__Hrbit        rbit    000  __Hrbss        rbss    035
__Hrdata       rdata   035  __Hstrings     strings 100
__Htext        text    035  __Hvectors     vectors 003
__Lbss         bss     035  __Lcode        code    035
__Lconst       const   100  __Ldata        data    100
__Lheap        heap    035  __Lidata       idata   035
__Lirdata      irdata  035  __Lnvram       nvram   035
__Lrbit        rbit    000  __Lrbss        rbss    020
__Lrdata       rdata   035  __Lstrings     strings 100
__Ltext        text    035  __Lvectors     vectors 000
__S0           (abs)   113  _exit          text    0CF
_main          text    003  intlevel0      (abs)   000
intlevel1      (abs)   000  powerup        text    0D2
small_model    (abs)   001  stack_internal (abs)   001
start          vectors 000  start1         text    0BE
str_copy       text    093  str_load       text    093
str_xcopy      text    07D  strx_copy      text    093
strx_load      text    093  strx_xcopy     text    07D
